app/(auth)/locality-selector.tsx(39,17): error TS2322: Type '(false | { marginBottom: number; } | { borderWidth: number; borderColor: string; } | { opacity: number; })[]' is not assignable to type 'ViewStyle'.
  Types of property 'filter' are incompatible.
    Type '{ <S extends false | { marginBottom: number; } | { borderWidth: number; borderColor: string; } | { opacity: number; }>(predicate: (value: false | { marginBottom: number; } | { borderWidth: number; borderColor: string; } | { ...; }, index: number, array: (false | ... 2 more ... | { ...; })[]) => value is S, thisArg?:...' is not assignable to type 'string | readonly FilterFunction[] | undefined'.
app/(tabs)/favorites.tsx(70,18): error TS2552: Cannot find name 'FlatList'. Did you mean 'FlashList'?
app/(tabs)/favorites.tsx(73,36): error TS7006: Parameter 'item' implicitly has an 'any' type.
app/profile/edit.tsx(14,28): error TS2339: Property 'refreshProfile' does not exist on type 'AuthState'.
app/settings.tsx(7,36): error TS2305: Module '"lucide-react-native"' has no exported member 'CircleHelp'.
app/shop/[id].tsx(231,41): error TS2322: Type 'Product | { id: string; name: string; description: string; price: number; image_url: string; }' is not assignable to type 'Product'.
  Property 'is_available' is missing in type '{ id: string; name: string; description: string; price: number; image_url: string; }' but required in type 'Product'.
components/business/BusinessSidebar.tsx(73,23): error TS2769: No overload matches this call.
  Overload 1 of 2, '(props: ViewProps): View', gave the following error.
    Type 'ViewStyle | TextStyle | ImageStyle' is not assignable to type 'ViewStyle | Falsy | RegisteredStyle<ViewStyle> | RecursiveArray<ViewStyle | Falsy | RegisteredStyle<ViewStyle>> | readonly (ViewStyle | ... 1 more ... | RegisteredStyle<...>)[]'.
      Type 'TextStyle' is not assignable to type 'ViewStyle | Falsy | RegisteredStyle<ViewStyle> | RecursiveArray<ViewStyle | Falsy | RegisteredStyle<ViewStyle>> | readonly (ViewStyle | ... 1 more ... | RegisteredStyle<...>)[]'.
        Type 'TextStyle' is not assignable to type 'ViewStyle'.
          Types of property 'cursor' are incompatible.
            Type 'string | undefined' is not assignable to type 'CursorValue | undefined'.
              Type 'string' is not assignable to type 'CursorValue | undefined'.
  Overload 2 of 2, '(props: ViewProps, context: any): View', gave the following error.
    Type 'ViewStyle | TextStyle | ImageStyle' is not assignable to type 'ViewStyle | Falsy | RegisteredStyle<ViewStyle> | RecursiveArray<ViewStyle | Falsy | RegisteredStyle<ViewStyle>> | readonly (ViewStyle | ... 1 more ... | RegisteredStyle<...>)[]'.
      Type 'TextStyle' is not assignable to type 'ViewStyle | Falsy | RegisteredStyle<ViewStyle> | RecursiveArray<ViewStyle | Falsy | RegisteredStyle<ViewStyle>> | readonly (ViewStyle | ... 1 more ... | RegisteredStyle<...>)[]'.
        Type 'TextStyle' is not assignable to type 'ViewStyle'.
          Types of property 'cursor' are incompatible.
            Type 'string | undefined' is not assignable to type 'CursorValue | undefined'.
              Type 'string' is not assignable to type 'CursorValue | undefined'.
components/business/BusinessSidebar.tsx(75,19): error TS2769: No overload matches this call.
  Overload 1 of 2, '(props: ViewProps): View', gave the following error.
    Type 'ViewStyle | TextStyle | ImageStyle' is not assignable to type 'StyleProp<ViewStyle>'.
      Type 'TextStyle' is not assignable to type 'StyleProp<ViewStyle>'.
        Type 'TextStyle' is not assignable to type 'ViewStyle'.
          Types of property 'cursor' are incompatible.
            Type 'string | undefined' is not assignable to type 'CursorValue | undefined'.
              Type 'string' is not assignable to type 'CursorValue | undefined'.
  Overload 2 of 2, '(props: ViewProps, context: any): View', gave the following error.
    Type 'ViewStyle | TextStyle | ImageStyle' is not assignable to type 'StyleProp<ViewStyle>'.
      Type 'TextStyle' is not assignable to type 'StyleProp<ViewStyle>'.
        Type 'TextStyle' is not assignable to type 'ViewStyle'.
          Types of property 'cursor' are incompatible.
            Type 'string | undefined' is not assignable to type 'CursorValue | undefined'.
              Type 'string' is not assignable to type 'CursorValue | undefined'.
components/business/BusinessSidebar.tsx(76,31): error TS2769: No overload matches this call.
  Overload 1 of 2, '(props: ViewProps): View', gave the following error.
    Type 'ViewStyle | TextStyle | ImageStyle' is not assignable to type 'ViewStyle | Falsy | RegisteredStyle<ViewStyle> | RecursiveArray<ViewStyle | Falsy | RegisteredStyle<ViewStyle>> | readonly (ViewStyle | ... 1 more ... | RegisteredStyle<...>)[]'.
      Type 'TextStyle' is not assignable to type 'ViewStyle | Falsy | RegisteredStyle<ViewStyle> | RecursiveArray<ViewStyle | Falsy | RegisteredStyle<ViewStyle>> | readonly (ViewStyle | ... 1 more ... | RegisteredStyle<...>)[]'.
        Type 'TextStyle' is not assignable to type 'ViewStyle'.
          Types of property 'cursor' are incompatible.
            Type 'string | undefined' is not assignable to type 'CursorValue | undefined'.
              Type 'string' is not assignable to type 'CursorValue | undefined'.
  Overload 2 of 2, '(props: ViewProps, context: any): View', gave the following error.
    Type 'ViewStyle | TextStyle | ImageStyle' is not assignable to type 'ViewStyle | Falsy | RegisteredStyle<ViewStyle> | RecursiveArray<ViewStyle | Falsy | RegisteredStyle<ViewStyle>> | readonly (ViewStyle | ... 1 more ... | RegisteredStyle<...>)[]'.
      Type 'TextStyle' is not assignable to type 'ViewStyle | Falsy | RegisteredStyle<ViewStyle> | RecursiveArray<ViewStyle | Falsy | RegisteredStyle<ViewStyle>> | readonly (ViewStyle | ... 1 more ... | RegisteredStyle<...>)[]'.
        Type 'TextStyle' is not assignable to type 'ViewStyle'.
          Types of property 'cursor' are incompatible.
            Type 'string | undefined' is not assignable to type 'CursorValue | undefined'.
              Type 'string' is not assignable to type 'CursorValue | undefined'.
components/business/BusinessSidebar.tsx(78,31): error TS2769: No overload matches this call.
  Overload 1 of 2, '(props: ViewProps): View', gave the following error.
    Type 'ViewStyle | TextStyle | ImageStyle' is not assignable to type 'StyleProp<ViewStyle>'.
      Type 'TextStyle' is not assignable to type 'StyleProp<ViewStyle>'.
        Type 'TextStyle' is not assignable to type 'ViewStyle'.
          Types of property 'cursor' are incompatible.
            Type 'string | undefined' is not assignable to type 'CursorValue | undefined'.
              Type 'string' is not assignable to type 'CursorValue | undefined'.
  Overload 2 of 2, '(props: ViewProps, context: any): View', gave the following error.
    Type 'ViewStyle | TextStyle | ImageStyle' is not assignable to type 'StyleProp<ViewStyle>'.
      Type 'TextStyle' is not assignable to type 'StyleProp<ViewStyle>'.
        Type 'TextStyle' is not assignable to type 'ViewStyle'.
          Types of property 'cursor' are incompatible.
            Type 'string | undefined' is not assignable to type 'CursorValue | undefined'.
              Type 'string' is not assignable to type 'CursorValue | undefined'.
components/business/BusinessSidebar.tsx(79,43): error TS2769: No overload matches this call.
  Overload 1 of 2, '(props: TextProps): Text', gave the following error.
    Type 'ViewStyle | TextStyle | ImageStyle' is not assignable to type 'TextStyle | Falsy | RegisteredStyle<TextStyle> | RecursiveArray<TextStyle | Falsy | RegisteredStyle<TextStyle>> | readonly (TextStyle | ... 1 more ... | RegisteredStyle<...>)[]'.
      Type 'ViewStyle' is not assignable to type 'TextStyle | Falsy | RegisteredStyle<TextStyle> | RecursiveArray<TextStyle | Falsy | RegisteredStyle<TextStyle>> | readonly (TextStyle | ... 1 more ... | RegisteredStyle<...>)[]'.
        Type 'ViewStyle' is not assignable to type 'TextStyle'.
          Types of property 'userSelect' are incompatible.
            Type 'string | undefined' is not assignable to type '"none" | "auto" | "contain" | "text" | "all" | undefined'.
              Type 'string' is not assignable to type '"none" | "auto" | "contain" | "text" | "all" | undefined'.
  Overload 2 of 2, '(props: TextProps, context: any): Text', gave the following error.
    Type 'ViewStyle | TextStyle | ImageStyle' is not assignable to type 'TextStyle | Falsy | RegisteredStyle<TextStyle> | RecursiveArray<TextStyle | Falsy | RegisteredStyle<TextStyle>> | readonly (TextStyle | ... 1 more ... | RegisteredStyle<...>)[]'.
      Type 'ViewStyle' is not assignable to type 'TextStyle | Falsy | RegisteredStyle<TextStyle> | RecursiveArray<TextStyle | Falsy | RegisteredStyle<TextStyle>> | readonly (TextStyle | ... 1 more ... | RegisteredStyle<...>)[]'.
        Type 'ViewStyle' is not assignable to type 'TextStyle'.
          Types of property 'userSelect' are incompatible.
            Type 'string | undefined' is not assignable to type '"none" | "auto" | "contain" | "text" | "all" | undefined'.
              Type 'string' is not assignable to type '"none" | "auto" | "contain" | "text" | "all" | undefined'.
components/business/BusinessSidebar.tsx(87,23): error TS2769: No overload matches this call.
  Overload 1 of 2, '(props: ViewProps): View', gave the following error.
    Type 'ViewStyle | TextStyle | ImageStyle' is not assignable to type 'StyleProp<ViewStyle>'.
      Type 'TextStyle' is not assignable to type 'StyleProp<ViewStyle>'.
        Type 'TextStyle' is not assignable to type 'ViewStyle'.
          Types of property 'cursor' are incompatible.
            Type 'string | undefined' is not assignable to type 'CursorValue | undefined'.
              Type 'string' is not assignable to type 'CursorValue | undefined'.
  Overload 2 of 2, '(props: ViewProps, context: any): View', gave the following error.
    Type 'ViewStyle | TextStyle | ImageStyle' is not assignable to type 'StyleProp<ViewStyle>'.
      Type 'TextStyle' is not assignable to type 'StyleProp<ViewStyle>'.
        Type 'TextStyle' is not assignable to type 'ViewStyle'.
          Types of property 'cursor' are incompatible.
            Type 'string | undefined' is not assignable to type 'CursorValue | undefined'.
              Type 'string' is not assignable to type 'CursorValue | undefined'.
components/business/BusinessSidebar.tsx(88,35): error TS2769: No overload matches this call.
  Overload 1 of 2, '(props: TextProps): Text', gave the following error.
    Type 'ViewStyle | TextStyle | ImageStyle' is not assignable to type 'TextStyle | Falsy | RegisteredStyle<TextStyle> | RecursiveArray<TextStyle | Falsy | RegisteredStyle<TextStyle>> | readonly (TextStyle | ... 1 more ... | RegisteredStyle<...>)[]'.
      Type 'ViewStyle' is not assignable to type 'TextStyle | Falsy | RegisteredStyle<TextStyle> | RecursiveArray<TextStyle | Falsy | RegisteredStyle<TextStyle>> | readonly (TextStyle | ... 1 more ... | RegisteredStyle<...>)[]'.
        Type 'ViewStyle' is not assignable to type 'TextStyle'.
          Types of property 'userSelect' are incompatible.
            Type 'string | undefined' is not assignable to type '"none" | "auto" | "contain" | "text" | "all" | undefined'.
              Type 'string' is not assignable to type '"none" | "auto" | "contain" | "text" | "all" | undefined'.
  Overload 2 of 2, '(props: TextProps, context: any): Text', gave the following error.
    Type 'ViewStyle | TextStyle | ImageStyle' is not assignable to type 'TextStyle | Falsy | RegisteredStyle<TextStyle> | RecursiveArray<TextStyle | Falsy | RegisteredStyle<TextStyle>> | readonly (TextStyle | ... 1 more ... | RegisteredStyle<...>)[]'.
      Type 'ViewStyle' is not assignable to type 'TextStyle | Falsy | RegisteredStyle<TextStyle> | RecursiveArray<TextStyle | Falsy | RegisteredStyle<TextStyle>> | readonly (TextStyle | ... 1 more ... | RegisteredStyle<...>)[]'.
        Type 'ViewStyle' is not assignable to type 'TextStyle'.
          Types of property 'userSelect' are incompatible.
            Type 'string | undefined' is not assignable to type '"none" | "auto" | "contain" | "text" | "all" | undefined'.
              Type 'string' is not assignable to type '"none" | "auto" | "contain" | "text" | "all" | undefined'.
components/business/BusinessSidebar.tsx(91,35): error TS2769: No overload matches this call.
  Overload 1 of 2, '(props: TextProps): Text', gave the following error.
    Type 'ViewStyle | TextStyle | ImageStyle' is not assignable to type 'TextStyle | Falsy | RegisteredStyle<TextStyle> | RecursiveArray<TextStyle | Falsy | RegisteredStyle<TextStyle>> | readonly (TextStyle | ... 1 more ... | RegisteredStyle<...>)[]'.
      Type 'ViewStyle' is not assignable to type 'TextStyle | Falsy | RegisteredStyle<TextStyle> | RecursiveArray<TextStyle | Falsy | RegisteredStyle<TextStyle>> | readonly (TextStyle | ... 1 more ... | RegisteredStyle<...>)[]'.
        Type 'ViewStyle' is not assignable to type 'TextStyle'.
          Types of property 'userSelect' are incompatible.
            Type 'string | undefined' is not assignable to type '"none" | "auto" | "contain" | "text" | "all" | undefined'.
              Type 'string' is not assignable to type '"none" | "auto" | "contain" | "text" | "all" | undefined'.
  Overload 2 of 2, '(props: TextProps, context: any): Text', gave the following error.
    Type 'ViewStyle | TextStyle | ImageStyle' is not assignable to type 'TextStyle | Falsy | RegisteredStyle<TextStyle> | RecursiveArray<TextStyle | Falsy | RegisteredStyle<TextStyle>> | readonly (TextStyle | ... 1 more ... | RegisteredStyle<...>)[]'.
      Type 'ViewStyle' is not assignable to type 'TextStyle | Falsy | RegisteredStyle<TextStyle> | RecursiveArray<TextStyle | Falsy | RegisteredStyle<TextStyle>> | readonly (TextStyle | ... 1 more ... | RegisteredStyle<...>)[]'.
        Type 'ViewStyle' is not assignable to type 'TextStyle'.
          Types of property 'userSelect' are incompatible.
            Type 'string | undefined' is not assignable to type '"none" | "auto" | "contain" | "text" | "all" | undefined'.
              Type 'string' is not assignable to type '"none" | "auto" | "contain" | "text" | "all" | undefined'.
components/business/BusinessSidebar.tsx(98,25): error TS2769: No overload matches this call.
  Overload 1 of 2, '(props: ScrollViewProps): ScrollView', gave the following error.
    Type 'ViewStyle | TextStyle | ImageStyle' is not assignable to type 'StyleProp<ViewStyle>'.
      Type 'TextStyle' is not assignable to type 'StyleProp<ViewStyle>'.
        Type 'TextStyle' is not assignable to type 'ViewStyle'.
          Types of property 'cursor' are incompatible.
            Type 'string | undefined' is not assignable to type 'CursorValue | undefined'.
              Type 'string' is not assignable to type 'CursorValue | undefined'.
  Overload 2 of 2, '(props: ScrollViewProps, context: any): ScrollView', gave the following error.
    Type 'ViewStyle | TextStyle | ImageStyle' is not assignable to type 'StyleProp<ViewStyle>'.
      Type 'TextStyle' is not assignable to type 'StyleProp<ViewStyle>'.
        Type 'TextStyle' is not assignable to type 'ViewStyle'.
          Types of property 'cursor' are incompatible.
            Type 'string | undefined' is not assignable to type 'CursorValue | undefined'.
              Type 'string' is not assignable to type 'CursorValue | undefined'.
components/business/BusinessSidebar.tsx(100,38): error TS2769: No overload matches this call.
  Overload 1 of 2, '(props: ViewProps): View', gave the following error.
    Type 'ViewStyle | TextStyle | ImageStyle' is not assignable to type 'StyleProp<ViewStyle>'.
      Type 'TextStyle' is not assignable to type 'StyleProp<ViewStyle>'.
        Type 'TextStyle' is not assignable to type 'ViewStyle'.
          Types of property 'cursor' are incompatible.
            Type 'string | undefined' is not assignable to type 'CursorValue | undefined'.
              Type 'string' is not assignable to type 'CursorValue | undefined'.
  Overload 2 of 2, '(props: ViewProps, context: any): View', gave the following error.
    Type 'ViewStyle | TextStyle | ImageStyle' is not assignable to type 'StyleProp<ViewStyle>'.
      Type 'TextStyle' is not assignable to type 'StyleProp<ViewStyle>'.
        Type 'TextStyle' is not assignable to type 'ViewStyle'.
          Types of property 'cursor' are incompatible.
            Type 'string | undefined' is not assignable to type 'CursorValue | undefined'.
              Type 'string' is not assignable to type 'CursorValue | undefined'.
components/business/BusinessSidebar.tsx(102,43): error TS2769: No overload matches this call.
  Overload 1 of 2, '(props: TextProps): Text', gave the following error.
    Type 'ViewStyle | TextStyle | ImageStyle' is not assignable to type 'TextStyle | Falsy | RegisteredStyle<TextStyle> | RecursiveArray<TextStyle | Falsy | RegisteredStyle<TextStyle>> | readonly (TextStyle | ... 1 more ... | RegisteredStyle<...>)[]'.
      Type 'ViewStyle' is not assignable to type 'TextStyle | Falsy | RegisteredStyle<TextStyle> | RecursiveArray<TextStyle | Falsy | RegisteredStyle<TextStyle>> | readonly (TextStyle | ... 1 more ... | RegisteredStyle<...>)[]'.
        Type 'ViewStyle' is not assignable to type 'TextStyle'.
          Types of property 'userSelect' are incompatible.
            Type 'string | undefined' is not assignable to type '"none" | "auto" | "contain" | "text" | "all" | undefined'.
              Type 'string' is not assignable to type '"none" | "auto" | "contain" | "text" | "all" | undefined'.
  Overload 2 of 2, '(props: TextProps, context: any): Text', gave the following error.
    Type 'ViewStyle | TextStyle | ImageStyle' is not assignable to type 'TextStyle | Falsy | RegisteredStyle<TextStyle> | RecursiveArray<TextStyle | Falsy | RegisteredStyle<TextStyle>> | readonly (TextStyle | ... 1 more ... | RegisteredStyle<...>)[]'.
      Type 'ViewStyle' is not assignable to type 'TextStyle | Falsy | RegisteredStyle<TextStyle> | RecursiveArray<TextStyle | Falsy | RegisteredStyle<TextStyle>> | readonly (TextStyle | ... 1 more ... | RegisteredStyle<...>)[]'.
        Type 'ViewStyle' is not assignable to type 'TextStyle'.
          Types of property 'userSelect' are incompatible.
            Type 'string | undefined' is not assignable to type '"none" | "auto" | "contain" | "text" | "all" | undefined'.
              Type 'string' is not assignable to type '"none" | "auto" | "contain" | "text" | "all" | undefined'.
components/business/BusinessSidebar.tsx(113,41): error TS2322: Type 'ViewStyle | TextStyle | ImageStyle' is not assignable to type 'ViewStyle | Falsy | RegisteredStyle<ViewStyle> | RecursiveArray<ViewStyle | Falsy | RegisteredStyle<ViewStyle>> | readonly (ViewStyle | ... 1 more ... | RegisteredStyle<...>)[]'.
  Type 'TextStyle' is not assignable to type 'ViewStyle | Falsy | RegisteredStyle<ViewStyle> | RecursiveArray<ViewStyle | Falsy | RegisteredStyle<ViewStyle>> | readonly (ViewStyle | ... 1 more ... | RegisteredStyle<...>)[]'.
    Type 'TextStyle' is not assignable to type 'ViewStyle'.
      Types of property 'cursor' are incompatible.
        Type 'string | undefined' is not assignable to type 'CursorValue | undefined'.
          Type 'string' is not assignable to type 'CursorValue | undefined'.
components/business/BusinessSidebar.tsx(114,41): error TS2322: Type 'false | (ViewStyle | TextStyle | ImageStyle)[]' is not assignable to type 'ViewStyle | Falsy | RegisteredStyle<ViewStyle> | RecursiveArray<ViewStyle | Falsy | RegisteredStyle<ViewStyle>> | readonly (ViewStyle | ... 1 more ... | RegisteredStyle<...>)[]'.
  Type '(ViewStyle | TextStyle | ImageStyle)[]' is not assignable to type 'ViewStyle | Falsy | RegisteredStyle<ViewStyle> | RecursiveArray<ViewStyle | Falsy | RegisteredStyle<ViewStyle>> | readonly (ViewStyle | ... 1 more ... | RegisteredStyle<...>)[]'.
    Type '(ViewStyle | TextStyle | ImageStyle)[]' is not assignable to type 'RecursiveArray<ViewStyle | Falsy | RegisteredStyle<ViewStyle>>'.
      The types returned by 'pop()' are incompatible between these types.
        Type 'ViewStyle | TextStyle | ImageStyle | undefined' is not assignable to type 'ViewStyle | Falsy | RegisteredStyle<ViewStyle> | RecursiveArray<ViewStyle | Falsy | RegisteredStyle<ViewStyle>> | readonly (ViewStyle | ... 1 more ... | RegisteredStyle<...>)[]'.
          Type 'TextStyle' is not assignable to type 'ViewStyle | Falsy | RegisteredStyle<ViewStyle> | RecursiveArray<ViewStyle | Falsy | RegisteredStyle<ViewStyle>> | readonly (ViewStyle | ... 1 more ... | RegisteredStyle<...>)[]'.
            Type 'TextStyle' is not assignable to type 'ViewStyle'.
              Types of property 'cursor' are incompatible.
                Type 'string | undefined' is not assignable to type 'CursorValue | undefined'.
                  Type 'string' is not assignable to type 'CursorValue | undefined'.
components/business/BusinessSidebar.tsx(123,38): error TS2769: No overload matches this call.
  Overload 2 of 2, '(props: TextProps, context: any): Text', gave the following error.
    Type 'ViewStyle | TextStyle | ImageStyle' is not assignable to type 'TextStyle | Falsy | RegisteredStyle<TextStyle> | RecursiveArray<TextStyle | Falsy | RegisteredStyle<TextStyle>> | readonly (TextStyle | ... 1 more ... | RegisteredStyle<...>)[]'.
      Type 'ViewStyle' is not assignable to type 'TextStyle | Falsy | RegisteredStyle<TextStyle> | RecursiveArray<TextStyle | Falsy | RegisteredStyle<TextStyle>> | readonly (TextStyle | ... 1 more ... | RegisteredStyle<...>)[]'.
        Type 'ViewStyle' is not assignable to type 'TextStyle'.
          Types of property 'userSelect' are incompatible.
            Type 'string | undefined' is not assignable to type '"none" | "auto" | "contain" | "text" | "all" | undefined'.
              Type 'string' is not assignable to type '"none" | "auto" | "contain" | "text" | "all" | undefined'.
  Overload 2 of 2, '(props: TextProps, context: any): Text', gave the following error.
    Type 'false | ViewStyle | TextStyle | ImageStyle' is not assignable to type 'TextStyle | Falsy | RegisteredStyle<TextStyle> | RecursiveArray<TextStyle | Falsy | RegisteredStyle<TextStyle>> | readonly (TextStyle | ... 1 more ... | RegisteredStyle<...>)[]'.
      Type 'ViewStyle' is not assignable to type 'TextStyle | Falsy | RegisteredStyle<TextStyle> | RecursiveArray<TextStyle | Falsy | RegisteredStyle<TextStyle>> | readonly (TextStyle | ... 1 more ... | RegisteredStyle<...>)[]'.
        Type 'ViewStyle' is not assignable to type 'TextStyle'.
          Types of property 'userSelect' are incompatible.
            Type 'string | undefined' is not assignable to type '"none" | "auto" | "contain" | "text" | "all" | undefined'.
              Type 'string' is not assignable to type '"none" | "auto" | "contain" | "text" | "all" | undefined'.
components/business/BusinessSidebar.tsx(134,55): error TS2769: No overload matches this call.
  Overload 1 of 2, '(props: ViewProps): View', gave the following error.
    Type 'ViewStyle | TextStyle | ImageStyle' is not assignable to type 'ViewStyle | Falsy | RegisteredStyle<ViewStyle> | RecursiveArray<ViewStyle | Falsy | RegisteredStyle<ViewStyle>> | readonly (ViewStyle | ... 1 more ... | RegisteredStyle<...>)[]'.
      Type 'TextStyle' is not assignable to type 'ViewStyle | Falsy | RegisteredStyle<ViewStyle> | RecursiveArray<ViewStyle | Falsy | RegisteredStyle<ViewStyle>> | readonly (ViewStyle | ... 1 more ... | RegisteredStyle<...>)[]'.
        Type 'TextStyle' is not assignable to type 'ViewStyle'.
          Types of property 'cursor' are incompatible.
            Type 'string | undefined' is not assignable to type 'CursorValue | undefined'.
              Type 'string' is not assignable to type 'CursorValue | undefined'.
  Overload 2 of 2, '(props: ViewProps, context: any): View', gave the following error.
    Type 'ViewStyle | TextStyle | ImageStyle' is not assignable to type 'ViewStyle | Falsy | RegisteredStyle<ViewStyle> | RecursiveArray<ViewStyle | Falsy | RegisteredStyle<ViewStyle>> | readonly (ViewStyle | ... 1 more ... | RegisteredStyle<...>)[]'.
      Type 'TextStyle' is not assignable to type 'ViewStyle | Falsy | RegisteredStyle<ViewStyle> | RecursiveArray<ViewStyle | Falsy | RegisteredStyle<ViewStyle>> | readonly (ViewStyle | ... 1 more ... | RegisteredStyle<...>)[]'.
        Type 'TextStyle' is not assignable to type 'ViewStyle'.
          Types of property 'cursor' are incompatible.
            Type 'string | undefined' is not assignable to type 'CursorValue | undefined'.
              Type 'string' is not assignable to type 'CursorValue | undefined'.
components/business/BusinessSidebar.tsx(144,27): error TS2769: No overload matches this call.
  Overload 1 of 2, '(props: ViewProps): View', gave the following error.
    Type 'ViewStyle | TextStyle | ImageStyle' is not assignable to type 'ViewStyle | Falsy | RegisteredStyle<ViewStyle> | RecursiveArray<ViewStyle | Falsy | RegisteredStyle<ViewStyle>> | readonly (ViewStyle | ... 1 more ... | RegisteredStyle<...>)[]'.
      Type 'TextStyle' is not assignable to type 'ViewStyle | Falsy | RegisteredStyle<ViewStyle> | RecursiveArray<ViewStyle | Falsy | RegisteredStyle<ViewStyle>> | readonly (ViewStyle | ... 1 more ... | RegisteredStyle<...>)[]'.
        Type 'TextStyle' is not assignable to type 'ViewStyle'.
          Types of property 'cursor' are incompatible.
            Type 'string | undefined' is not assignable to type 'CursorValue | undefined'.
              Type 'string' is not assignable to type 'CursorValue | undefined'.
  Overload 2 of 2, '(props: ViewProps, context: any): View', gave the following error.
    Type 'ViewStyle | TextStyle | ImageStyle' is not assignable to type 'ViewStyle | Falsy | RegisteredStyle<ViewStyle> | RecursiveArray<ViewStyle | Falsy | RegisteredStyle<ViewStyle>> | readonly (ViewStyle | ... 1 more ... | RegisteredStyle<...>)[]'.
      Type 'TextStyle' is not assignable to type 'ViewStyle | Falsy | RegisteredStyle<ViewStyle> | RecursiveArray<ViewStyle | Falsy | RegisteredStyle<ViewStyle>> | readonly (ViewStyle | ... 1 more ... | RegisteredStyle<...>)[]'.
        Type 'TextStyle' is not assignable to type 'ViewStyle'.
          Types of property 'cursor' are incompatible.
            Type 'string | undefined' is not assignable to type 'CursorValue | undefined'.
              Type 'string' is not assignable to type 'CursorValue | undefined'.
components/business/BusinessSidebar.tsx(146,29): error TS2322: Type 'ViewStyle | TextStyle | ImageStyle' is not assignable to type 'ViewStyle | Falsy | RegisteredStyle<ViewStyle> | RecursiveArray<ViewStyle | Falsy | RegisteredStyle<ViewStyle>> | readonly (ViewStyle | ... 1 more ... | RegisteredStyle<...>)[]'.
  Type 'TextStyle' is not assignable to type 'ViewStyle | Falsy | RegisteredStyle<ViewStyle> | RecursiveArray<ViewStyle | Falsy | RegisteredStyle<ViewStyle>> | readonly (ViewStyle | ... 1 more ... | RegisteredStyle<...>)[]'.
    Type 'TextStyle' is not assignable to type 'ViewStyle'.
      Types of property 'cursor' are incompatible.
        Type 'string | undefined' is not assignable to type 'CursorValue | undefined'.
          Type 'string' is not assignable to type 'CursorValue | undefined'.
components/business/BusinessSidebar.tsx(146,73): error TS2339: Property 'bgAlert' does not exist on type '{ isDark: boolean; bg: string; bgSecondary: string; bgCard: string; bgInput: string; bgElevated: string; bgHover: string; bgSurface: string; text: string; textSecondary: string; textMuted: string; ... 11 more ...; iconActive: string; }'.
components/business/BusinessSidebar.tsx(151,35): error TS2769: No overload matches this call.
  Overload 1 of 2, '(props: TextProps): Text', gave the following error.
    Type 'ViewStyle | TextStyle | ImageStyle' is not assignable to type 'TextStyle | Falsy | RegisteredStyle<TextStyle> | RecursiveArray<TextStyle | Falsy | RegisteredStyle<TextStyle>> | readonly (TextStyle | ... 1 more ... | RegisteredStyle<...>)[]'.
      Type 'ViewStyle' is not assignable to type 'TextStyle | Falsy | RegisteredStyle<TextStyle> | RecursiveArray<TextStyle | Falsy | RegisteredStyle<TextStyle>> | readonly (TextStyle | ... 1 more ... | RegisteredStyle<...>)[]'.
        Type 'ViewStyle' is not assignable to type 'TextStyle'.
          Types of property 'userSelect' are incompatible.
            Type 'string | undefined' is not assignable to type '"none" | "auto" | "contain" | "text" | "all" | undefined'.
              Type 'string' is not assignable to type '"none" | "auto" | "contain" | "text" | "all" | undefined'.
  Overload 2 of 2, '(props: TextProps, context: any): Text', gave the following error.
    Type 'ViewStyle | TextStyle | ImageStyle' is not assignable to type 'TextStyle | Falsy | RegisteredStyle<TextStyle> | RecursiveArray<TextStyle | Falsy | RegisteredStyle<TextStyle>> | readonly (TextStyle | ... 1 more ... | RegisteredStyle<...>)[]'.
      Type 'ViewStyle' is not assignable to type 'TextStyle | Falsy | RegisteredStyle<TextStyle> | RecursiveArray<TextStyle | Falsy | RegisteredStyle<TextStyle>> | readonly (TextStyle | ... 1 more ... | RegisteredStyle<...>)[]'.
        Type 'ViewStyle' is not assignable to type 'TextStyle'.
          Types of property 'userSelect' are incompatible.
            Type 'string | undefined' is not assignable to type '"none" | "auto" | "contain" | "text" | "all" | undefined'.
              Type 'string' is not assignable to type '"none" | "auto" | "contain" | "text" | "all" | undefined'.
components/business/BusinessSidebar.tsx(155,21): error TS2322: Type 'ViewStyle | TextStyle | ImageStyle' is not assignable to type 'StyleProp<ViewStyle>'.
  Type 'TextStyle' is not assignable to type 'StyleProp<ViewStyle>'.
    Type 'TextStyle' is not assignable to type 'ViewStyle'.
      Types of property 'cursor' are incompatible.
        Type 'string | undefined' is not assignable to type 'CursorValue | undefined'.
          Type 'string' is not assignable to type 'CursorValue | undefined'.
components/business/BusinessSidebar.tsx(163,27): error TS2769: No overload matches this call.
  Overload 1 of 2, '(props: TextProps): Text', gave the following error.
    Type 'ViewStyle | TextStyle | ImageStyle' is not assignable to type 'StyleProp<TextStyle>'.
      Type 'ViewStyle' is not assignable to type 'StyleProp<TextStyle>'.
        Type 'ViewStyle' is not assignable to type 'TextStyle'.
          Types of property 'userSelect' are incompatible.
            Type 'string | undefined' is not assignable to type '"none" | "auto" | "contain" | "text" | "all" | undefined'.
              Type 'string' is not assignable to type '"none" | "auto" | "contain" | "text" | "all" | undefined'.
  Overload 2 of 2, '(props: TextProps, context: any): Text', gave the following error.
    Type 'ViewStyle | TextStyle | ImageStyle' is not assignable to type 'StyleProp<TextStyle>'.
      Type 'ViewStyle' is not assignable to type 'StyleProp<TextStyle>'.
        Type 'ViewStyle' is not assignable to type 'TextStyle'.
          Types of property 'userSelect' are incompatible.
            Type 'string | undefined' is not assignable to type '"none" | "auto" | "contain" | "text" | "all" | undefined'.
              Type 'string' is not assignable to type '"none" | "auto" | "contain" | "text" | "all" | undefined'.
components/business/BusinessSidebar.tsx(171,5): error TS2322: Type '{ boxShadow?: string | undefined; height?: "100vh" | undefined; position?: any; top?: number | undefined; width: number; borderRightWidth: number; }' is not assignable to type 'ViewStyle | TextStyle | ImageStyle'.
  Type '{ boxShadow?: string | undefined; height?: "100vh" | undefined; position?: any; top?: number | undefined; width: number; borderRightWidth: number; }' is not assignable to type 'TextStyle'.
    Types of property 'height' are incompatible.
      Type '"100vh" | undefined' is not assignable to type 'DimensionValue | undefined'.
        Type '"100vh"' is not assignable to type 'DimensionValue | undefined'.
components/features/ads/AdBanner.tsx(116,9): error TS2345: Argument of type '{ container: { alignItems: "center"; marginVertical: number; }; slide: { borderRadius: number; overflow: "hidden"; shadowColor: string; shadowOffset: { width: number; height: number; }; shadowOpacity: number; shadowRadius: number; elevation: number; position: "relative"; }; ... 6 more ...; activeDot: { ...; }; }' is not assignable to parameter of type '{ container: { alignItems: "center"; marginVertical: number; }; slide: { borderRadius: number; overflow: "hidden"; shadowColor: string; shadowOffset: { width: number; height: number; }; shadowOpacity: number; shadowRadius: number; elevation: number; position: "relative"; }; ... 6 more ...; activeDot: { ...; }; } & N...'.
  Property 'overlay' is incompatible with index signature.
    Object literal may only specify known properties, and 'background' does not exist in type 'ViewStyle | TextStyle | ImageStyle'.
components/home/BusinessFeed.tsx(34,34): error TS2322: Type '({ padding: number; overflow: "hidden"; borderRadius: number; } | { backgroundColor: string; })[]' is not assignable to type 'ViewStyle'.
  Types of property 'filter' are incompatible.
    Type '{ <S extends { padding: number; overflow: "hidden"; borderRadius: number; } | { backgroundColor: string; }>(predicate: (value: { padding: number; overflow: "hidden"; borderRadius: number; } | { backgroundColor: string; }, index: number, array: ({ ...; } | { ...; })[]) => value is S, thisArg?: any): S[]; (predicate: ...' is not assignable to type 'string | readonly FilterFunction[] | undefined'.
components/ui/Header.tsx(194,128): error TS17001: JSX elements cannot have multiple attributes with the same name.
